<?xml version="1.0" encoding="ISO-8859-1" ?>
<link_info>
   <banner>TI ARM Linker PC v20.2.3.LTS</banner>
   <copyright>Copyright (c) 1996-2018 Texas Instruments Incorporated</copyright>
   <link_time>0x5fd7cad4</link_time>
   <link_errors>0x0</link_errors>
   <output_file>ProjectRTOS-IDDA.out</output_file>
   <entry_point>
      <name>_c_int00_noargs</name>
      <address>0x3bb5</address>
   </entry_point>
   <input_file_list>
      <input_file id="fl-2">
         <path>.\</path>
         <kind>object</kind>
         <file>main.obj</file>
         <name>main.obj</name>
      </input_file>
      <input_file id="fl-3">
         <path>.\src\</path>
         <kind>object</kind>
         <file>distanceRTOS.obj</file>
         <name>distanceRTOS.obj</name>
      </input_file>
      <input_file id="fl-4">
         <path>.\src\</path>
         <kind>object</kind>
         <file>idda.obj</file>
         <name>idda.obj</name>
      </input_file>
      <input_file id="fl-5">
         <path>.\src\</path>
         <kind>object</kind>
         <file>symbols.obj</file>
         <name>symbols.obj</name>
      </input_file>
      <input_file id="fl-7">
         <path>.\third_party\FreeRTOS\Source\</path>
         <kind>object</kind>
         <file>list.obj</file>
         <name>list.obj</name>
      </input_file>
      <input_file id="fl-c">
         <path>.\third_party\FreeRTOS\Source\portable\MemMang\</path>
         <kind>object</kind>
         <file>heap_4.obj</file>
         <name>heap_4.obj</name>
      </input_file>
      <input_file id="fl-d">
         <path>.\utils\</path>
         <kind>object</kind>
         <file>uartstdio.obj</file>
         <name>uartstdio.obj</name>
      </input_file>
      <input_file id="fl-e">
         <path>.\utils\</path>
         <kind>object</kind>
         <file>ustdlib.obj</file>
         <name>ustdlib.obj</name>
      </input_file>
      <input_file id="fl-ce">
         <path>C:\ti\ccs1011\ccs\tools\compiler\ti-cgt-arm_20.2.3.LTS\lib\</path>
         <kind>archive</kind>
         <file>rtsv7M4_T_le_v4SPD16_eabi.lib</file>
         <name>copy_zero_init.c.obj</name>
      </input_file>
      <input_file id="fl-cf">
         <path>C:\ti\ccs1011\ccs\tools\compiler\ti-cgt-arm_20.2.3.LTS\lib\</path>
         <kind>archive</kind>
         <file>rtsv7M4_T_le_v4SPD16_eabi.lib</file>
         <name>copy_decompress_none.c.obj</name>
      </input_file>
      <input_file id="fl-d0">
         <path>C:\ti\ccs1011\ccs\tools\compiler\ti-cgt-arm_20.2.3.LTS\lib\</path>
         <kind>archive</kind>
         <file>rtsv7M4_T_le_v4SPD16_eabi.lib</file>
         <name>copy_decompress_lzss.c.obj</name>
      </input_file>
      <input_file id="fl-d1">
         <path>C:\ti\ccs1011\ccs\tools\compiler\ti-cgt-arm_20.2.3.LTS\lib\</path>
         <kind>archive</kind>
         <file>rtsv7M4_T_le_v4SPD16_eabi.lib</file>
         <name>mktime.c.obj</name>
      </input_file>
      <input_file id="fl-d2">
         <path>C:\ti\ccs1011\ccs\tools\compiler\ti-cgt-arm_20.2.3.LTS\lib\</path>
         <kind>archive</kind>
         <file>rtsv7M4_T_le_v4SPD16_eabi.lib</file>
         <name>tmzone.c.obj</name>
      </input_file>
      <input_file id="fl-d8">
         <path>C:\ti\ccs1011\ccs\tools\compiler\ti-cgt-arm_20.2.3.LTS\lib\</path>
         <kind>archive</kind>
         <file>rtsv7M4_T_le_v4SPD16_eabi.lib</file>
         <name>pre_init.c.obj</name>
      </input_file>
      <input_file id="fl-d9">
         <path>C:\ti\ccs1011\ccs\tools\compiler\ti-cgt-arm_20.2.3.LTS\lib\</path>
         <kind>archive</kind>
         <file>rtsv7M4_T_le_v4SPD16_eabi.lib</file>
         <name>cpy_tbl.c.obj</name>
      </input_file>
      <input_file id="fl-db">
         <path>C:\ti\ccs1011\ccs\tools\compiler\ti-cgt-arm_20.2.3.LTS\lib\</path>
         <kind>archive</kind>
         <file>rtsv7M4_T_le_v4SPD16_eabi.lib</file>
         <name>_lock.c.obj</name>
      </input_file>
      <input_file id="fl-f2">
         <path>C:\ti\ccs1011\ccs\tools\compiler\ti-cgt-arm_20.2.3.LTS\lib\</path>
         <kind>archive</kind>
         <file>rtsv7M4_T_le_v4SPD16_eabi.lib</file>
         <name>localtim.c.obj</name>
      </input_file>
      <input_file id="fl-f3">
         <path>C:\Users\artur\AppData\Local\Temp\</path>
         <kind>object</kind>
         <file>{67759B22-1B1A-4F21-9D5E-C35FDF9EE56B}</file>
         <name>{67759B22-1B1A-4F21-9D5E-C35FDF9EE56B}</name>
      </input_file>
      <input_file id="fl-6">
         <path>.\startup\</path>
         <kind>object</kind>
         <file>tm4c123gh6pm_startup_ccs.obj</file>
         <name>tm4c123gh6pm_startup_ccs.obj</name>
      </input_file>
      <input_file id="fl-8">
         <path>.\third_party\FreeRTOS\Source\</path>
         <kind>object</kind>
         <file>queue.obj</file>
         <name>queue.obj</name>
      </input_file>
      <input_file id="fl-9">
         <path>.\third_party\FreeRTOS\Source\</path>
         <kind>object</kind>
         <file>tasks.obj</file>
         <name>tasks.obj</name>
      </input_file>
      <input_file id="fl-a">
         <path>.\third_party\FreeRTOS\Source\portable\CCS\ARM_CM4F\</path>
         <kind>object</kind>
         <file>port.obj</file>
         <name>port.obj</name>
      </input_file>
      <input_file id="fl-b">
         <path>.\third_party\FreeRTOS\Source\portable\CCS\ARM_CM4F\</path>
         <kind>object</kind>
         <file>portasm.obj</file>
         <name>portasm.obj</name>
      </input_file>
      <input_file id="fl-15">
         <kind>object</kind>
         <file>&lt;internal&gt;</file>
         <name>&lt;internal&gt;</name>
      </input_file>
      <input_file id="fl-cb">
         <path>C:\ti\ccs1011\ccs\tools\compiler\ti-cgt-arm_20.2.3.LTS\lib\</path>
         <kind>archive</kind>
         <file>rtsv7M4_T_le_v4SPD16_eabi.lib</file>
         <name>memcpy_t2.asm.obj</name>
      </input_file>
      <input_file id="fl-cc">
         <path>C:\ti\ccs1011\ccs\tools\compiler\ti-cgt-arm_20.2.3.LTS\lib\</path>
         <kind>archive</kind>
         <file>rtsv7M4_T_le_v4SPD16_eabi.lib</file>
         <name>memset_t2.asm.obj</name>
      </input_file>
      <input_file id="fl-cd">
         <path>C:\ti\ccs1011\ccs\tools\compiler\ti-cgt-arm_20.2.3.LTS\lib\</path>
         <kind>archive</kind>
         <file>rtsv7M4_T_le_v4SPD16_eabi.lib</file>
         <name>u_divt2.asm.obj</name>
      </input_file>
      <input_file id="fl-d3">
         <path>C:\ti\ccs1011\ccs\tools\compiler\ti-cgt-arm_20.2.3.LTS\lib\</path>
         <kind>archive</kind>
         <file>rtsv7M4_T_le_v4SPD16_eabi.lib</file>
         <name>boot_cortex_m.c.obj</name>
      </input_file>
      <input_file id="fl-d4">
         <path>C:\ti\ccs1011\ccs\tools\compiler\ti-cgt-arm_20.2.3.LTS\lib\</path>
         <kind>archive</kind>
         <file>rtsv7M4_T_le_v4SPD16_eabi.lib</file>
         <name>div0.asm.obj</name>
      </input_file>
      <input_file id="fl-d5">
         <path>C:\ti\ccs1011\ccs\tools\compiler\ti-cgt-arm_20.2.3.LTS\lib\</path>
         <kind>archive</kind>
         <file>rtsv7M4_T_le_v4SPD16_eabi.lib</file>
         <name>ll_div_t2.asm.obj</name>
      </input_file>
      <input_file id="fl-d6">
         <path>C:\ti\ccs1011\ccs\tools\compiler\ti-cgt-arm_20.2.3.LTS\lib\</path>
         <kind>archive</kind>
         <file>rtsv7M4_T_le_v4SPD16_eabi.lib</file>
         <name>ull_div_t2.asm.obj</name>
      </input_file>
      <input_file id="fl-d7">
         <path>C:\ti\ccs1011\ccs\tools\compiler\ti-cgt-arm_20.2.3.LTS\lib\</path>
         <kind>archive</kind>
         <file>rtsv7M4_T_le_v4SPD16_eabi.lib</file>
         <name>autoinit.c.obj</name>
      </input_file>
      <input_file id="fl-da">
         <path>C:\ti\ccs1011\ccs\tools\compiler\ti-cgt-arm_20.2.3.LTS\lib\</path>
         <kind>archive</kind>
         <file>rtsv7M4_T_le_v4SPD16_eabi.lib</file>
         <name>exit.c.obj</name>
      </input_file>
      <input_file id="fl-dc">
         <path>C:\ti\ccs1011\ccs\tools\compiler\ti-cgt-arm_20.2.3.LTS\lib\</path>
         <kind>archive</kind>
         <file>rtsv7M4_T_le_v4SPD16_eabi.lib</file>
         <name>args_main.c.obj</name>
      </input_file>
      <input_file id="fl-dd">
         <path>C:\Users\artur\Desktop\SEmb\Firmware\SEmbLib\Debug\</path>
         <kind>archive</kind>
         <file>SEmbLib.lib</file>
         <name>led.obj</name>
      </input_file>
      <input_file id="fl-de">
         <path>C:\Users\artur\Desktop\SEmb\Firmware\SEmbLibRTOS\Debug\</path>
         <kind>archive</kind>
         <file>SEmbLibRTOS.lib</file>
         <name>i2cRTOS.obj</name>
      </input_file>
      <input_file id="fl-df">
         <path>C:\Users\artur\Desktop\SEmb\Firmware\SEmbLibRTOS\Debug\</path>
         <kind>archive</kind>
         <file>SEmbLibRTOS.lib</file>
         <name>keypadRTOS.obj</name>
      </input_file>
      <input_file id="fl-e0">
         <path>C:\Users\artur\Desktop\SEmb\Firmware\SEmbLibRTOS\Debug\</path>
         <kind>archive</kind>
         <file>SEmbLibRTOS.lib</file>
         <name>lcdRTOS.obj</name>
      </input_file>
      <input_file id="fl-e1">
         <path>C:\Users\artur\Desktop\SEmb\Firmware\SEmbLibRTOS\Debug\</path>
         <kind>archive</kind>
         <file>SEmbLibRTOS.lib</file>
         <name>rtcRTOS.obj</name>
      </input_file>
      <input_file id="fl-e2">
         <path>C:\Users\artur\Desktop\SEmb\Firmware\SEmbLibRTOS\Debug\</path>
         <kind>archive</kind>
         <file>SEmbLibRTOS.lib</file>
         <name>tmp101RTOS.obj</name>
      </input_file>
      <input_file id="fl-e3">
         <path>C:\Users\artur\Desktop\SEmb\Firmware\SEmbLibRTOS\Debug\</path>
         <kind>archive</kind>
         <file>SEmbLibRTOS.lib</file>
         <name>waitRTOS.obj</name>
      </input_file>
      <input_file id="fl-e4">
         <path>C:\ti\TivaWare_C_Series-2.1.4.178\driverlib\ccs\Debug\</path>
         <kind>archive</kind>
         <file>driverlib.lib</file>
         <name>gpio.obj</name>
      </input_file>
      <input_file id="fl-e5">
         <path>C:\ti\TivaWare_C_Series-2.1.4.178\driverlib\ccs\Debug\</path>
         <kind>archive</kind>
         <file>driverlib.lib</file>
         <name>interrupt.obj</name>
      </input_file>
      <input_file id="fl-e6">
         <path>C:\ti\TivaWare_C_Series-2.1.4.178\driverlib\ccs\Debug\</path>
         <kind>archive</kind>
         <file>driverlib.lib</file>
         <name>sysctl.obj</name>
      </input_file>
      <input_file id="fl-e7">
         <path>C:\ti\TivaWare_C_Series-2.1.4.178\driverlib\ccs\Debug\</path>
         <kind>archive</kind>
         <file>driverlib.lib</file>
         <name>uart.obj</name>
      </input_file>
      <input_file id="fl-e8">
         <path>C:\ti\TivaWare_C_Series-2.1.4.178\driverlib\ccs\Debug\</path>
         <kind>archive</kind>
         <file>driverlib.lib</file>
         <name>cpu.obj</name>
      </input_file>
      <input_file id="fl-e9">
         <path>C:\Users\artur\Desktop\SEmb\Firmware\SEmbLib\Debug\</path>
         <kind>archive</kind>
         <file>SEmbLib.lib</file>
         <name>i2c.obj</name>
      </input_file>
      <input_file id="fl-ea">
         <path>C:\Users\artur\Desktop\SEmb\Firmware\SEmbLib\Debug\</path>
         <kind>archive</kind>
         <file>SEmbLib.lib</file>
         <name>keypad.obj</name>
      </input_file>
      <input_file id="fl-eb">
         <path>C:\Users\artur\Desktop\SEmb\Firmware\SEmbLib\Debug\</path>
         <kind>archive</kind>
         <file>SEmbLib.lib</file>
         <name>lcd.obj</name>
      </input_file>
      <input_file id="fl-ec">
         <path>C:\Users\artur\Desktop\SEmb\Firmware\SEmbLib\Debug\</path>
         <kind>archive</kind>
         <file>SEmbLib.lib</file>
         <name>rtc.obj</name>
      </input_file>
      <input_file id="fl-ed">
         <path>C:\Users\artur\Desktop\SEmb\Firmware\SEmbLib\Debug\</path>
         <kind>archive</kind>
         <file>SEmbLib.lib</file>
         <name>tmp101.obj</name>
      </input_file>
      <input_file id="fl-ee">
         <path>C:\Users\artur\Desktop\SEmb\Firmware\SEmbLib\Debug\</path>
         <kind>archive</kind>
         <file>SEmbLib.lib</file>
         <name>wait.obj</name>
      </input_file>
      <input_file id="fl-ef">
         <path>C:\ti\TivaWare_C_Series-2.1.4.178\driverlib\ccs\Debug\</path>
         <kind>archive</kind>
         <file>driverlib.lib</file>
         <name>hibernate.obj</name>
      </input_file>
      <input_file id="fl-f0">
         <path>C:\ti\TivaWare_C_Series-2.1.4.178\driverlib\ccs\Debug\</path>
         <kind>archive</kind>
         <file>driverlib.lib</file>
         <name>i2c.obj</name>
      </input_file>
      <input_file id="fl-f1">
         <path>C:\ti\TivaWare_C_Series-2.1.4.178\driverlib\ccs\Debug\</path>
         <kind>archive</kind>
         <file>driverlib.lib</file>
         <name>systick.obj</name>
      </input_file>
   </input_file_list>
   <object_component_list>
      <object_component id="oc-12">
         <name>.intvecs</name>
         <load_address>0x0</load_address>
         <run_address>0x0</run_address>
         <size>0x26c</size>
         <input_file_ref idref="fl-6"/>
      </object_component>
      <object_component id="oc-80">
         <name>.text</name>
         <load_address>0x26c</load_address>
         <run_address>0x26c</run_address>
         <size>0x110c</size>
         <input_file_ref idref="fl-9"/>
      </object_component>
      <object_component id="oc-229">
         <name>.text</name>
         <load_address>0x1378</load_address>
         <run_address>0x1378</run_address>
         <size>0x654</size>
         <input_file_ref idref="fl-8"/>
      </object_component>
      <object_component id="oc-147">
         <name>.text</name>
         <load_address>0x19cc</load_address>
         <run_address>0x19cc</run_address>
         <size>0x468</size>
         <input_file_ref idref="fl-4"/>
      </object_component>
      <object_component id="oc-1ca">
         <name>.text</name>
         <load_address>0x1e34</load_address>
         <run_address>0x1e34</run_address>
         <size>0x2d4</size>
         <input_file_ref idref="fl-e0"/>
      </object_component>
      <object_component id="oc-1d0">
         <name>.text:__mktime32</name>
         <load_address>0x2108</load_address>
         <run_address>0x2108</run_address>
         <size>0x2a0</size>
         <input_file_ref idref="fl-d1"/>
      </object_component>
      <object_component id="oc-279">
         <name>.text</name>
         <load_address>0x23a8</load_address>
         <run_address>0x23a8</run_address>
         <size>0x289</size>
         <input_file_ref idref="fl-e"/>
      </object_component>
      <object_component id="oc-3b3">
         <name>.text</name>
         <load_address>0x2632</load_address>
         <run_address>0x2632</run_address>
         <size>0x2</size>
         <input_file_ref idref="fl-d4"/>
      </object_component>
      <object_component id="oc-273">
         <name>.text</name>
         <load_address>0x2634</load_address>
         <run_address>0x2634</run_address>
         <size>0x228</size>
         <input_file_ref idref="fl-eb"/>
      </object_component>
      <object_component id="oc-256">
         <name>.text</name>
         <load_address>0x285c</load_address>
         <run_address>0x285c</run_address>
         <size>0x198</size>
         <input_file_ref idref="fl-e9"/>
      </object_component>
      <object_component id="oc-268">
         <name>.text</name>
         <load_address>0x29f4</load_address>
         <run_address>0x29f4</run_address>
         <size>0x164</size>
         <input_file_ref idref="fl-ea"/>
      </object_component>
      <object_component id="oc-12b">
         <name>.text</name>
         <load_address>0x2b58</load_address>
         <run_address>0x2b58</run_address>
         <size>0x15c</size>
         <input_file_ref idref="fl-c"/>
      </object_component>
      <object_component id="oc-31c">
         <name>.text:__localtime32</name>
         <load_address>0x2cb4</load_address>
         <run_address>0x2cb4</run_address>
         <size>0x134</size>
         <input_file_ref idref="fl-f2"/>
      </object_component>
      <object_component id="oc-29b">
         <name>.text:GPIOPadConfigSet</name>
         <load_address>0x2de8</load_address>
         <run_address>0x2de8</run_address>
         <size>0x132</size>
         <input_file_ref idref="fl-e4"/>
      </object_component>
      <object_component id="oc-2d6">
         <name>.text:SysCtlClockGet</name>
         <load_address>0x2f1c</load_address>
         <run_address>0x2f1c</run_address>
         <size>0x110</size>
         <input_file_ref idref="fl-e6"/>
      </object_component>
      <object_component id="oc-32">
         <name>.text</name>
         <load_address>0x302c</load_address>
         <run_address>0x302c</run_address>
         <size>0xdc</size>
         <input_file_ref idref="fl-a"/>
      </object_component>
      <object_component id="oc-2d">
         <name>.text</name>
         <load_address>0x3108</load_address>
         <run_address>0x3108</run_address>
         <size>0xd2</size>
         <input_file_ref idref="fl-b"/>
      </object_component>
      <object_component id="oc-1b2">
         <name>.text</name>
         <load_address>0x31dc</load_address>
         <run_address>0x31dc</run_address>
         <size>0xd0</size>
         <input_file_ref idref="fl-e1"/>
      </object_component>
      <object_component id="oc-1c4">
         <name>.text</name>
         <load_address>0x32ac</load_address>
         <run_address>0x32ac</run_address>
         <size>0xa8</size>
         <input_file_ref idref="fl-df"/>
      </object_component>
      <object_component id="oc-261">
         <name>.text</name>
         <load_address>0x3354</load_address>
         <run_address>0x3354</run_address>
         <size>0xa4</size>
         <input_file_ref idref="fl-ed"/>
      </object_component>
      <object_component id="oc-46">
         <name>.text</name>
         <load_address>0x33f8</load_address>
         <run_address>0x33f8</run_address>
         <size>0x9c</size>
         <input_file_ref idref="fl-cb"/>
      </object_component>
      <object_component id="oc-3b8">
         <name>.text</name>
         <load_address>0x3494</load_address>
         <run_address>0x3494</run_address>
         <size>0x96</size>
         <input_file_ref idref="fl-d6"/>
      </object_component>
      <object_component id="oc-11f">
         <name>.text</name>
         <load_address>0x352a</load_address>
         <run_address>0x352a</run_address>
         <size>0x92</size>
         <input_file_ref idref="fl-7"/>
      </object_component>
      <object_component id="oc-1ac">
         <name>.text</name>
         <load_address>0x35bc</load_address>
         <run_address>0x35bc</run_address>
         <size>0x84</size>
         <input_file_ref idref="fl-e3"/>
      </object_component>
      <object_component id="oc-1d6">
         <name>.text</name>
         <load_address>0x3640</load_address>
         <run_address>0x3640</run_address>
         <size>0x7c</size>
         <input_file_ref idref="fl-3"/>
      </object_component>
      <object_component id="oc-fb">
         <name>.text</name>
         <load_address>0x36bc</load_address>
         <run_address>0x36bc</run_address>
         <size>0x7a</size>
         <input_file_ref idref="fl-cc"/>
      </object_component>
      <object_component id="oc-289">
         <name>.text</name>
         <load_address>0x3736</load_address>
         <run_address>0x3736</run_address>
         <size>0x6e</size>
         <input_file_ref idref="fl-d5"/>
      </object_component>
      <object_component id="oc-15">
         <name>.text:decompress:lzss:__TI_decompress_lzss</name>
         <load_address>0x37a4</load_address>
         <run_address>0x37a4</run_address>
         <size>0x68</size>
         <input_file_ref idref="fl-d0"/>
      </object_component>
      <object_component id="oc-22f">
         <name>.text</name>
         <load_address>0x380c</load_address>
         <run_address>0x380c</run_address>
         <size>0x60</size>
         <input_file_ref idref="fl-ee"/>
      </object_component>
      <object_component id="oc-240">
         <name>.text</name>
         <load_address>0x386c</load_address>
         <run_address>0x386c</run_address>
         <size>0x58</size>
         <input_file_ref idref="fl-ec"/>
      </object_component>
      <object_component id="oc-1b8">
         <name>.text</name>
         <load_address>0x38c4</load_address>
         <run_address>0x38c4</run_address>
         <size>0x50</size>
         <input_file_ref idref="fl-de"/>
      </object_component>
      <object_component id="oc-347">
         <name>.text:SysCtlPeripheralReset</name>
         <load_address>0x3914</load_address>
         <run_address>0x3914</run_address>
         <size>0x50</size>
         <input_file_ref idref="fl-e6"/>
      </object_component>
      <object_component id="oc-35f">
         <name>.text:I2CMasterInitExpClk</name>
         <load_address>0x3964</load_address>
         <run_address>0x3964</run_address>
         <size>0x4c</size>
         <input_file_ref idref="fl-f0"/>
      </object_component>
      <object_component id="oc-34d">
         <name>.text:GPIOPinConfigure</name>
         <load_address>0x39b0</load_address>
         <run_address>0x39b0</run_address>
         <size>0x48</size>
         <input_file_ref idref="fl-e4"/>
      </object_component>
      <object_component id="oc-30a">
         <name>.text:HibernateClockConfig</name>
         <load_address>0x39f8</load_address>
         <run_address>0x39f8</run_address>
         <size>0x48</size>
         <input_file_ref idref="fl-ef"/>
      </object_component>
      <object_component id="oc-1a6">
         <name>.text</name>
         <load_address>0x3a40</load_address>
         <run_address>0x3a40</run_address>
         <size>0x44</size>
         <input_file_ref idref="fl-dd"/>
      </object_component>
      <object_component id="oc-15a">
         <name>.text:__TI_auto_init_nobinit_nopinit:__TI_auto_init_nobinit_nopinit</name>
         <load_address>0x3a84</load_address>
         <run_address>0x3a84</run_address>
         <size>0x44</size>
         <input_file_ref idref="fl-d7"/>
      </object_component>
      <object_component id="oc-1be">
         <name>.text</name>
         <load_address>0x3ac8</load_address>
         <run_address>0x3ac8</run_address>
         <size>0x40</size>
         <input_file_ref idref="fl-e2"/>
      </object_component>
      <object_component id="oc-3a4">
         <name>.text</name>
         <load_address>0x3b08</load_address>
         <run_address>0x3b08</run_address>
         <size>0x40</size>
         <input_file_ref idref="fl-cd"/>
      </object_component>
      <object_component id="oc-216">
         <name>.text:SysCtlPeripheralReady</name>
         <load_address>0x3b48</load_address>
         <run_address>0x3b48</run_address>
         <size>0x38</size>
         <input_file_ref idref="fl-e6"/>
      </object_component>
      <object_component id="oc-210">
         <name>.text:SysCtlPeripheralEnable</name>
         <load_address>0x3b80</load_address>
         <run_address>0x3b80</run_address>
         <size>0x34</size>
         <input_file_ref idref="fl-e6"/>
      </object_component>
      <object_component id="oc-60">
         <name>.text:_c_int00_noargs:_c_int00_noargs</name>
         <load_address>0x3bb4</load_address>
         <run_address>0x3bb4</run_address>
         <size>0x34</size>
         <input_file_ref idref="fl-d3"/>
      </object_component>
      <object_component id="oc-23a">
         <name>.text:HibernateRTCSet</name>
         <load_address>0x3be8</load_address>
         <run_address>0x3be8</run_address>
         <size>0x2c</size>
         <input_file_ref idref="fl-ef"/>
      </object_component>
      <object_component id="oc-295">
         <name>.text:GPIODirModeSet</name>
         <load_address>0x3c14</load_address>
         <run_address>0x3c14</run_address>
         <size>0x2a</size>
         <input_file_ref idref="fl-e4"/>
      </object_component>
      <object_component id="oc-4e">
         <name>.text:decompress:ZI:__TI_zero_init_nomemset:__TI_zero_init_nomemset</name>
         <load_address>0x3c3e</load_address>
         <run_address>0x3c3e</run_address>
         <size>0x1c</size>
         <input_file_ref idref="fl-ce"/>
      </object_component>
      <object_component id="oc-21c">
         <name>.text:GPIOPinTypeGPIOOutput</name>
         <load_address>0x3c5a</load_address>
         <run_address>0x3c5a</run_address>
         <size>0x18</size>
         <input_file_ref idref="fl-e4"/>
      </object_component>
      <object_component id="oc-304">
         <name>.text:HibernateEnableExpClk</name>
         <load_address>0x3c74</load_address>
         <run_address>0x3c74</run_address>
         <size>0x14</size>
         <input_file_ref idref="fl-ef"/>
      </object_component>
      <object_component id="oc-316">
         <name>.text:HibernateRTCEnable</name>
         <load_address>0x3c88</load_address>
         <run_address>0x3c88</run_address>
         <size>0x14</size>
         <input_file_ref idref="fl-ef"/>
      </object_component>
      <object_component id="oc-2e8">
         <name>.text:SysTickEnable</name>
         <load_address>0x3c9c</load_address>
         <run_address>0x3c9c</run_address>
         <size>0x14</size>
         <input_file_ref idref="fl-f1"/>
      </object_component>
      <object_component id="oc-2e2">
         <name>.text:SysTickIntEnable</name>
         <load_address>0x3cb0</load_address>
         <run_address>0x3cb0</run_address>
         <size>0x14</size>
         <input_file_ref idref="fl-f1"/>
      </object_component>
      <object_component id="oc-384">
         <name>.text:GPIOPinTypeGPIOInput</name>
         <load_address>0x3cc4</load_address>
         <run_address>0x3cc4</run_address>
         <size>0x12</size>
         <input_file_ref idref="fl-e4"/>
      </object_component>
      <object_component id="oc-359">
         <name>.text:GPIOPinTypeI2C</name>
         <load_address>0x3cd6</load_address>
         <run_address>0x3cd6</run_address>
         <size>0x12</size>
         <input_file_ref idref="fl-e4"/>
      </object_component>
      <object_component id="oc-353">
         <name>.text:GPIOPinTypeI2CSCL</name>
         <load_address>0x3ce8</load_address>
         <run_address>0x3ce8</run_address>
         <size>0x12</size>
         <input_file_ref idref="fl-e4"/>
      </object_component>
      <object_component id="oc-310">
         <name>.text:HibernateRTCTrimSet</name>
         <load_address>0x3cfc</load_address>
         <run_address>0x3cfc</run_address>
         <size>0x10</size>
         <input_file_ref idref="fl-ef"/>
      </object_component>
      <object_component id="oc-2dc">
         <name>.text:SysTickPeriodSet</name>
         <load_address>0x3d0c</load_address>
         <run_address>0x3d0c</run_address>
         <size>0x10</size>
         <input_file_ref idref="fl-f1"/>
      </object_component>
      <object_component id="oc-2fc">
         <name>.text:_HibernateWriteComplete</name>
         <load_address>0x3d1c</load_address>
         <run_address>0x3d1c</run_address>
         <size>0x10</size>
         <input_file_ref idref="fl-ef"/>
      </object_component>
      <object_component id="oc-107">
         <name>.text</name>
         <load_address>0x3d2c</load_address>
         <run_address>0x3d2c</run_address>
         <size>0x10</size>
         <input_file_ref idref="fl-2"/>
      </object_component>
      <object_component id="oc-1b">
         <name>.text:decompress:none:__TI_decompress_none</name>
         <load_address>0x3d3c</load_address>
         <run_address>0x3d3c</run_address>
         <size>0xe</size>
         <input_file_ref idref="fl-cf"/>
      </object_component>
      <object_component id="oc-37e">
         <name>.text</name>
         <load_address>0x3d4a</load_address>
         <run_address>0x3d4a</run_address>
         <size>0xe</size>
         <input_file_ref idref="fl-5"/>
      </object_component>
      <object_component id="oc-246">
         <name>.text:HibernateRTCGet</name>
         <load_address>0x3d58</load_address>
         <run_address>0x3d58</run_address>
         <size>0xc</size>
         <input_file_ref idref="fl-ef"/>
      </object_component>
      <object_component id="oc-27">
         <name>.text</name>
         <load_address>0x3d64</load_address>
         <run_address>0x3d64</run_address>
         <size>0xc</size>
         <input_file_ref idref="fl-6"/>
      </object_component>
      <object_component id="oc-3f7">
         <name>.text:I2CMasterEnable</name>
         <load_address>0x3d70</load_address>
         <run_address>0x3d70</run_address>
         <size>0xa</size>
         <input_file_ref idref="fl-f0"/>
      </object_component>
      <object_component id="oc-33b">
         <name>.text:I2CMasterBusy</name>
         <load_address>0x3d7a</load_address>
         <run_address>0x3d7a</run_address>
         <size>0x8</size>
         <input_file_ref idref="fl-f0"/>
      </object_component>
      <object_component id="oc-329">
         <name>.text:I2CMasterSlaveAddrSet</name>
         <load_address>0x3d82</load_address>
         <run_address>0x3d82</run_address>
         <size>0x8</size>
         <input_file_ref idref="fl-f0"/>
      </object_component>
      <object_component id="oc-222">
         <name>.text:GPIOPinRead</name>
         <load_address>0x3d8a</load_address>
         <run_address>0x3d8a</run_address>
         <size>0x6</size>
         <input_file_ref idref="fl-e4"/>
      </object_component>
      <object_component id="oc-20a">
         <name>.text:GPIOPinWrite</name>
         <load_address>0x3d90</load_address>
         <run_address>0x3d90</run_address>
         <size>0x6</size>
         <input_file_ref idref="fl-e4"/>
      </object_component>
      <object_component id="oc-2ee">
         <name>.text:SysCtlDelay</name>
         <load_address>0x3d96</load_address>
         <run_address>0x3d96</run_address>
         <size>0x6</size>
         <input_file_ref idref="fl-e6"/>
      </object_component>
      <object_component id="oc-335">
         <name>.text:I2CMasterControl</name>
         <load_address>0x3d9c</load_address>
         <run_address>0x3d9c</run_address>
         <size>0x4</size>
         <input_file_ref idref="fl-f0"/>
      </object_component>
      <object_component id="oc-341">
         <name>.text:I2CMasterDataGet</name>
         <load_address>0x3da0</load_address>
         <run_address>0x3da0</run_address>
         <size>0x4</size>
         <input_file_ref idref="fl-f0"/>
      </object_component>
      <object_component id="oc-32f">
         <name>.text:I2CMasterDataPut</name>
         <load_address>0x3da4</load_address>
         <run_address>0x3da4</run_address>
         <size>0x4</size>
         <input_file_ref idref="fl-f0"/>
      </object_component>
      <object_component id="oc-101">
         <name>.text:_system_pre_init</name>
         <load_address>0x3da8</load_address>
         <run_address>0x3da8</run_address>
         <size>0x4</size>
         <input_file_ref idref="fl-d8"/>
      </object_component>
      <object_component id="oc-14e">
         <name>.text:abort:abort</name>
         <load_address>0x3dac</load_address>
         <run_address>0x3dac</run_address>
         <size>0x4</size>
         <input_file_ref idref="fl-da"/>
      </object_component>
      <object_component id="oc-3f1">
         <name>.const:g_pui32GPIOBaseAddrs</name>
         <load_address>0x3db0</load_address>
         <run_address>0x3db0</run_address>
         <size>0x90</size>
         <input_file_ref idref="fl-e4"/>
      </object_component>
      <object_component id="oc-3ce">
         <name>.const:g_pui32Xtals</name>
         <load_address>0x3e40</load_address>
         <run_address>0x3e40</run_address>
         <size>0x6c</size>
         <input_file_ref idref="fl-e6"/>
      </object_component>
      <object_component id="oc-28e">
         <name>.const:$O7$$</name>
         <load_address>0x3eac</load_address>
         <run_address>0x3eac</run_address>
         <size>0x60</size>
         <input_file_ref idref="fl-d1"/>
      </object_component>
      <object_component id="oc-1df">
         <name>.const:$O2$$</name>
         <load_address>0x3f0c</load_address>
         <run_address>0x3f0c</run_address>
         <size>0x30</size>
         <input_file_ref idref="fl-4"/>
      </object_component>
      <object_component id="oc-7d">
         <name>.const</name>
         <load_address>0x3f3c</load_address>
         <run_address>0x3f3c</run_address>
         <size>0x4</size>
         <input_file_ref idref="fl-a"/>
      </object_component>
      <object_component id="oc-379">
         <name>.const:.string:$P$T0$1</name>
         <load_address>0x3f40</load_address>
         <run_address>0x3f40</run_address>
         <size>0x2</size>
         <input_file_ref idref="fl-ed"/>
      </object_component>
      <object_component id="oc-45f">
         <name>.cinit..data.load</name>
         <load_address>0x3f48</load_address>
         <run_address>0x3f48</run_address>
         <size>0xb9</size>
      </object_component>
      <object_component id="oc-45d">
         <name>__TI_handler_table</name>
         <load_address>0x4004</load_address>
         <run_address>0x4004</run_address>
         <size>0xc</size>
      </object_component>
      <object_component id="oc-460">
         <name>.cinit..bss.load</name>
         <load_address>0x4010</load_address>
         <run_address>0x4010</run_address>
         <size>0x8</size>
      </object_component>
      <object_component id="oc-45e">
         <name>__TI_cinit_table</name>
         <load_address>0x4018</load_address>
         <run_address>0x4018</run_address>
         <size>0x10</size>
      </object_component>
      <object_component id="oc-7a">
         <name>.data</name>
         <load_address>0x20007a38</load_address>
         <run_address>0x20007a38</run_address>
         <size>0x2c</size>
         <input_file_ref idref="fl-9"/>
      </object_component>
      <object_component id="oc-125">
         <name>.data:$O1$$</name>
         <load_address>0x20007818</load_address>
         <run_address>0x20007818</run_address>
         <size>0xf4</size>
         <input_file_ref idref="fl-9"/>
      </object_component>
      <object_component id="oc-87">
         <name>.data</name>
         <load_address>0x20007af8</load_address>
         <run_address>0x20007af8</run_address>
         <size>0x4</size>
         <input_file_ref idref="fl-a"/>
      </object_component>
      <object_component id="oc-25c">
         <name>.data</name>
         <load_address>0x20007ad8</load_address>
         <run_address>0x20007ad8</run_address>
         <size>0x4</size>
         <input_file_ref idref="fl-de"/>
      </object_component>
      <object_component id="oc-26e">
         <name>.data</name>
         <load_address>0x20007adc</load_address>
         <run_address>0x20007adc</run_address>
         <size>0x4</size>
         <input_file_ref idref="fl-df"/>
      </object_component>
      <object_component id="oc-27f">
         <name>.data</name>
         <load_address>0x20007ae0</load_address>
         <run_address>0x20007ae0</run_address>
         <size>0x4</size>
         <input_file_ref idref="fl-e0"/>
      </object_component>
      <object_component id="oc-24c">
         <name>.data</name>
         <load_address>0x20007ae4</load_address>
         <run_address>0x20007ae4</run_address>
         <size>0x4</size>
         <input_file_ref idref="fl-e1"/>
      </object_component>
      <object_component id="oc-235">
         <name>.data</name>
         <load_address>0x20007ae8</load_address>
         <run_address>0x20007ae8</run_address>
         <size>0x4</size>
         <input_file_ref idref="fl-e3"/>
      </object_component>
      <object_component id="oc-36b">
         <name>.data:_g</name>
         <load_address>0x200079e8</load_address>
         <run_address>0x200079e8</run_address>
         <size>0x50</size>
         <input_file_ref idref="fl-e9"/>
      </object_component>
      <object_component id="oc-368">
         <name>.data:_i</name>
         <load_address>0x20007a88</load_address>
         <run_address>0x20007a88</run_address>
         <size>0x20</size>
         <input_file_ref idref="fl-e9"/>
      </object_component>
      <object_component id="oc-390">
         <name>.data:keypad</name>
         <load_address>0x20007ab8</load_address>
         <run_address>0x20007ab8</run_address>
         <size>0x10</size>
         <input_file_ref idref="fl-ea"/>
      </object_component>
      <object_component id="oc-396">
         <name>.data:keypadStates</name>
         <load_address>0x2000790c</load_address>
         <run_address>0x2000790c</run_address>
         <size>0x80</size>
         <input_file_ref idref="fl-ea"/>
      </object_component>
      <object_component id="oc-393">
         <name>.data:lineStartBase</name>
         <load_address>0x20007ac8</load_address>
         <run_address>0x20007ac8</run_address>
         <size>0x10</size>
         <input_file_ref idref="fl-ea"/>
      </object_component>
      <object_component id="oc-38a">
         <name>.data:linePins</name>
         <load_address>0x20007af4</load_address>
         <run_address>0x20007af4</run_address>
         <size>0x4</size>
         <input_file_ref idref="fl-ea"/>
      </object_component>
      <object_component id="oc-38d">
         <name>.data:columnPins</name>
         <load_address>0x20007aec</load_address>
         <run_address>0x20007aec</run_address>
         <size>0x4</size>
         <input_file_ref idref="fl-ea"/>
      </object_component>
      <object_component id="oc-39f">
         <name>.data</name>
         <load_address>0x20007afc</load_address>
         <run_address>0x20007afc</run_address>
         <size>0x1</size>
         <input_file_ref idref="fl-eb"/>
      </object_component>
      <object_component id="oc-1e2">
         <name>.data</name>
         <load_address>0x20007af0</load_address>
         <run_address>0x20007af0</run_address>
         <size>0x4</size>
         <input_file_ref idref="fl-3"/>
      </object_component>
      <object_component id="oc-291">
         <name>.data:_tz</name>
         <load_address>0x20007aa8</load_address>
         <run_address>0x20007aa8</run_address>
         <size>0x10</size>
         <input_file_ref idref="fl-d2"/>
      </object_component>
      <object_component id="oc-3e4">
         <name>.data:local_tm$16</name>
         <load_address>0x20007a64</load_address>
         <run_address>0x20007a64</run_address>
         <size>0x24</size>
         <input_file_ref idref="fl-f2"/>
      </object_component>
      <object_component id="oc-1dc">
         <name>.data:$O1$$</name>
         <load_address>0x2000798c</load_address>
         <run_address>0x2000798c</run_address>
         <size>0x5c</size>
         <input_file_ref idref="fl-4"/>
      </object_component>
      <object_component id="oc-1a2">
         <name>.data:$O3$$</name>
         <load_address>0x20000000</load_address>
         <run_address>0x20000000</run_address>
         <size>0x7818</size>
         <input_file_ref idref="fl-c"/>
      </object_component>
      <object_component id="oc-128">
         <name>.bss</name>
         <uninitialized>true</uninitialized>
         <run_address>0x20007d68</run_address>
         <size>0x8</size>
         <input_file_ref idref="fl-9"/>
      </object_component>
      <object_component id="oc-365">
         <name>.bss</name>
         <uninitialized>true</uninitialized>
         <run_address>0x20007d50</run_address>
         <size>0x18</size>
         <input_file_ref idref="fl-e9"/>
      </object_component>
      <object_component id="oc-2d4">
         <name>.common:xQueueRegistry</name>
         <uninitialized>true</uninitialized>
         <run_address>0x20007d00</run_address>
         <size>0x50</size>
      </object_component>
      <object_component id="oc-2ef">
         <name>.common:__ms__</name>
         <uninitialized>true</uninitialized>
         <run_address>0x20007d70</run_address>
         <size>0x4</size>
      </object_component>
      <object_component id="oc-24">
         <name>.stack</name>
         <uninitialized>true</uninitialized>
         <run_address>0x20007b00</run_address>
         <size>0x4</size>
         <input_file_ref idref="fl-d3"/>
      </object_component>
      <object_component id="oc-462">
         <name>.stack</name>
         <uninitialized>true</uninitialized>
         <run_address>0x20007b00</run_address>
         <size>0x0</size>
      </object_component>
      <object_component id="oc-3a">
         <name>.debug_info</name>
         <load_address>0x0</load_address>
         <run_address>0x0</run_address>
         <size>0x33c</size>
         <input_file_ref idref="fl-6"/>
      </object_component>
      <object_component id="oc-13">
         <name>.debug_info</name>
         <load_address>0x33c</load_address>
         <run_address>0x33c</run_address>
         <size>0xff</size>
         <input_file_ref idref="fl-6"/>
      </object_component>
      <object_component id="oc-2b">
         <name>.debug_info</name>
         <load_address>0x43b</load_address>
         <run_address>0x43b</run_address>
         <size>0x2bb</size>
         <input_file_ref idref="fl-6"/>
      </object_component>
      <object_component id="oc-74">
         <name>.debug_info</name>
         <load_address>0x6f6</load_address>
         <run_address>0x6f6</run_address>
         <size>0x84</size>
         <input_file_ref idref="fl-6"/>
      </object_component>
      <object_component id="oc-140">
         <name>.debug_info</name>
         <load_address>0x77a</load_address>
         <run_address>0x77a</run_address>
         <size>0x2a4</size>
         <input_file_ref idref="fl-6"/>
      </object_component>
      <object_component id="oc-9d">
         <name>.debug_info</name>
         <load_address>0xa1e</load_address>
         <run_address>0xa1e</run_address>
         <size>0xbb</size>
         <input_file_ref idref="fl-6"/>
      </object_component>
      <object_component id="oc-206">
         <name>.debug_info</name>
         <load_address>0xad9</load_address>
         <run_address>0xad9</run_address>
         <size>0x789</size>
         <input_file_ref idref="fl-8"/>
      </object_component>
      <object_component id="oc-22a">
         <name>.debug_info</name>
         <load_address>0x1262</load_address>
         <run_address>0x1262</run_address>
         <size>0x2c0a</size>
         <input_file_ref idref="fl-8"/>
      </object_component>
      <object_component id="oc-198">
         <name>.debug_info</name>
         <load_address>0x3e6c</load_address>
         <run_address>0x3e6c</run_address>
         <size>0x110</size>
         <input_file_ref idref="fl-8"/>
      </object_component>
      <object_component id="oc-2be">
         <name>.debug_info</name>
         <load_address>0x3f7c</load_address>
         <run_address>0x3f7c</run_address>
         <size>0x1cd</size>
         <input_file_ref idref="fl-8"/>
      </object_component>
      <object_component id="oc-11b">
         <name>.debug_info</name>
         <load_address>0x4149</load_address>
         <run_address>0x4149</run_address>
         <size>0x8de</size>
         <input_file_ref idref="fl-9"/>
      </object_component>
      <object_component id="oc-7b">
         <name>.debug_info</name>
         <load_address>0x4a27</load_address>
         <run_address>0x4a27</run_address>
         <size>0x304</size>
         <input_file_ref idref="fl-9"/>
      </object_component>
      <object_component id="oc-129">
         <name>.debug_info</name>
         <load_address>0x4d2b</load_address>
         <run_address>0x4d2b</run_address>
         <size>0x16a</size>
         <input_file_ref idref="fl-9"/>
      </object_component>
      <object_component id="oc-126">
         <name>.debug_info</name>
         <load_address>0x4e95</load_address>
         <run_address>0x4e95</run_address>
         <size>0x25a</size>
         <input_file_ref idref="fl-9"/>
      </object_component>
      <object_component id="oc-81">
         <name>.debug_info</name>
         <load_address>0x50ef</load_address>
         <run_address>0x50ef</run_address>
         <size>0x4d0c</size>
         <input_file_ref idref="fl-9"/>
      </object_component>
      <object_component id="oc-18e">
         <name>.debug_info</name>
         <load_address>0x9dfb</load_address>
         <run_address>0x9dfb</run_address>
         <size>0x169</size>
         <input_file_ref idref="fl-9"/>
      </object_component>
      <object_component id="oc-193">
         <name>.debug_info</name>
         <load_address>0x9f64</load_address>
         <run_address>0x9f64</run_address>
         <size>0x46</size>
         <input_file_ref idref="fl-9"/>
      </object_component>
      <object_component id="oc-8b">
         <name>.debug_info</name>
         <load_address>0x9faa</load_address>
         <run_address>0x9faa</run_address>
         <size>0x3e8</size>
         <input_file_ref idref="fl-a"/>
      </object_component>
      <object_component id="oc-7e">
         <name>.debug_info</name>
         <load_address>0xa392</load_address>
         <run_address>0xa392</run_address>
         <size>0x156</size>
         <input_file_ref idref="fl-a"/>
      </object_component>
      <object_component id="oc-88">
         <name>.debug_info</name>
         <load_address>0xa4e8</load_address>
         <run_address>0xa4e8</run_address>
         <size>0x13d</size>
         <input_file_ref idref="fl-a"/>
      </object_component>
      <object_component id="oc-33">
         <name>.debug_info</name>
         <load_address>0xa625</load_address>
         <run_address>0xa625</run_address>
         <size>0xa0d</size>
         <input_file_ref idref="fl-a"/>
      </object_component>
      <object_component id="oc-374">
         <name>.debug_info</name>
         <load_address>0xb032</load_address>
         <run_address>0xb032</run_address>
         <size>0x53</size>
         <input_file_ref idref="fl-a"/>
      </object_component>
      <object_component id="oc-2e">
         <name>.debug_info</name>
         <load_address>0xb085</load_address>
         <run_address>0xb085</run_address>
         <size>0x28b</size>
         <input_file_ref idref="fl-b"/>
      </object_component>
      <object_component id="oc-48">
         <name>.debug_info</name>
         <load_address>0xb310</load_address>
         <run_address>0xb310</run_address>
         <size>0x119</size>
         <input_file_ref idref="fl-cb"/>
      </object_component>
      <object_component id="oc-fc">
         <name>.debug_info</name>
         <load_address>0xb429</load_address>
         <run_address>0xb429</run_address>
         <size>0x147</size>
         <input_file_ref idref="fl-cc"/>
      </object_component>
      <object_component id="oc-3a6">
         <name>.debug_info</name>
         <load_address>0xb570</load_address>
         <run_address>0xb570</run_address>
         <size>0x142</size>
         <input_file_ref idref="fl-cd"/>
      </object_component>
      <object_component id="oc-25">
         <name>.debug_info</name>
         <load_address>0xb6b2</load_address>
         <run_address>0xb6b2</run_address>
         <size>0x10b</size>
         <input_file_ref idref="fl-d3"/>
      </object_component>
      <object_component id="oc-61">
         <name>.debug_info</name>
         <load_address>0xb7bd</load_address>
         <run_address>0xb7bd</run_address>
         <size>0x1a9</size>
         <input_file_ref idref="fl-d3"/>
      </object_component>
      <object_component id="oc-3b4">
         <name>.debug_info</name>
         <load_address>0xb966</load_address>
         <run_address>0xb966</run_address>
         <size>0x115</size>
         <input_file_ref idref="fl-d4"/>
      </object_component>
      <object_component id="oc-28c">
         <name>.debug_info</name>
         <load_address>0xba7b</load_address>
         <run_address>0xba7b</run_address>
         <size>0x13f</size>
         <input_file_ref idref="fl-d5"/>
      </object_component>
      <object_component id="oc-3b9">
         <name>.debug_info</name>
         <load_address>0xbbba</load_address>
         <run_address>0xbbba</run_address>
         <size>0x134</size>
         <input_file_ref idref="fl-d6"/>
      </object_component>
      <object_component id="oc-1f1">
         <name>.debug_info</name>
         <load_address>0xbcee</load_address>
         <run_address>0xbcee</run_address>
         <size>0x4b3</size>
         <input_file_ref idref="fl-d7"/>
      </object_component>
      <object_component id="oc-15e">
         <name>.debug_info</name>
         <load_address>0xc1a1</load_address>
         <run_address>0xc1a1</run_address>
         <size>0x1a6</size>
         <input_file_ref idref="fl-d7"/>
      </object_component>
      <object_component id="oc-2b6">
         <name>.debug_info</name>
         <load_address>0xc347</load_address>
         <run_address>0xc347</run_address>
         <size>0x39</size>
         <input_file_ref idref="fl-d7"/>
      </object_component>
      <object_component id="oc-152">
         <name>.debug_info</name>
         <load_address>0xc380</load_address>
         <run_address>0xc380</run_address>
         <size>0x122</size>
         <input_file_ref idref="fl-da"/>
      </object_component>
      <object_component id="oc-1aa">
         <name>.debug_info</name>
         <load_address>0xc4a2</load_address>
         <run_address>0xc4a2</run_address>
         <size>0x246</size>
         <input_file_ref idref="fl-dd"/>
      </object_component>
      <object_component id="oc-260">
         <name>.debug_info</name>
         <load_address>0xc6e8</load_address>
         <run_address>0xc6e8</run_address>
         <size>0x3fb</size>
         <input_file_ref idref="fl-de"/>
      </object_component>
      <object_component id="oc-25d">
         <name>.debug_info</name>
         <load_address>0xcae3</load_address>
         <run_address>0xcae3</run_address>
         <size>0xe6</size>
         <input_file_ref idref="fl-de"/>
      </object_component>
      <object_component id="oc-1b9">
         <name>.debug_info</name>
         <load_address>0xcbc9</load_address>
         <run_address>0xcbc9</run_address>
         <size>0x280</size>
         <input_file_ref idref="fl-de"/>
      </object_component>
      <object_component id="oc-272">
         <name>.debug_info</name>
         <load_address>0xce49</load_address>
         <run_address>0xce49</run_address>
         <size>0x505</size>
         <input_file_ref idref="fl-df"/>
      </object_component>
      <object_component id="oc-26f">
         <name>.debug_info</name>
         <load_address>0xd34e</load_address>
         <run_address>0xd34e</run_address>
         <size>0xe7</size>
         <input_file_ref idref="fl-df"/>
      </object_component>
      <object_component id="oc-1c6">
         <name>.debug_info</name>
         <load_address>0xd435</load_address>
         <run_address>0xd435</run_address>
         <size>0x331</size>
         <input_file_ref idref="fl-df"/>
      </object_component>
      <object_component id="oc-283">
         <name>.debug_info</name>
         <load_address>0xd766</load_address>
         <run_address>0xd766</run_address>
         <size>0x6b9</size>
         <input_file_ref idref="fl-e0"/>
      </object_component>
      <object_component id="oc-280">
         <name>.debug_info</name>
         <load_address>0xde1f</load_address>
         <run_address>0xde1f</run_address>
         <size>0xde</size>
         <input_file_ref idref="fl-e0"/>
      </object_component>
      <object_component id="oc-1cc">
         <name>.debug_info</name>
         <load_address>0xdefd</load_address>
         <run_address>0xdefd</run_address>
         <size>0xaa1</size>
         <input_file_ref idref="fl-e0"/>
      </object_component>
      <object_component id="oc-250">
         <name>.debug_info</name>
         <load_address>0xe99e</load_address>
         <run_address>0xe99e</run_address>
         <size>0x4ac</size>
         <input_file_ref idref="fl-e1"/>
      </object_component>
      <object_component id="oc-24d">
         <name>.debug_info</name>
         <load_address>0xee4a</load_address>
         <run_address>0xee4a</run_address>
         <size>0xe6</size>
         <input_file_ref idref="fl-e1"/>
      </object_component>
      <object_component id="oc-1b5">
         <name>.debug_info</name>
         <load_address>0xef30</load_address>
         <run_address>0xef30</run_address>
         <size>0x4a0</size>
         <input_file_ref idref="fl-e1"/>
      </object_component>
      <object_component id="oc-251">
         <name>.debug_info</name>
         <load_address>0xf3d0</load_address>
         <run_address>0xf3d0</run_address>
         <size>0x196</size>
         <input_file_ref idref="fl-e1"/>
      </object_component>
      <object_component id="oc-1c0">
         <name>.debug_info</name>
         <load_address>0xf566</load_address>
         <run_address>0xf566</run_address>
         <size>0x247</size>
         <input_file_ref idref="fl-e2"/>
      </object_component>
      <object_component id="oc-239">
         <name>.debug_info</name>
         <load_address>0xf7ad</load_address>
         <run_address>0xf7ad</run_address>
         <size>0x443</size>
         <input_file_ref idref="fl-e3"/>
      </object_component>
      <object_component id="oc-236">
         <name>.debug_info</name>
         <load_address>0xfbf0</load_address>
         <run_address>0xfbf0</run_address>
         <size>0xe9</size>
         <input_file_ref idref="fl-e3"/>
      </object_component>
      <object_component id="oc-1ad">
         <name>.debug_info</name>
         <load_address>0xfcd9</load_address>
         <run_address>0xfcd9</run_address>
         <size>0x399</size>
         <input_file_ref idref="fl-e3"/>
      </object_component>
      <object_component id="oc-2ce">
         <name>.debug_info</name>
         <load_address>0x10072</load_address>
         <run_address>0x10072</run_address>
         <size>0x1f2</size>
         <input_file_ref idref="fl-e4"/>
      </object_component>
      <object_component id="oc-3f2">
         <name>.debug_info</name>
         <load_address>0x10264</load_address>
         <run_address>0x10264</run_address>
         <size>0x10d</size>
         <input_file_ref idref="fl-e4"/>
      </object_component>
      <object_component id="oc-20b">
         <name>.debug_info</name>
         <load_address>0x10371</load_address>
         <run_address>0x10371</run_address>
         <size>0x207</size>
         <input_file_ref idref="fl-e4"/>
      </object_component>
      <object_component id="oc-296">
         <name>.debug_info</name>
         <load_address>0x10578</load_address>
         <run_address>0x10578</run_address>
         <size>0x217</size>
         <input_file_ref idref="fl-e4"/>
      </object_component>
      <object_component id="oc-29c">
         <name>.debug_info</name>
         <load_address>0x1078f</load_address>
         <run_address>0x1078f</run_address>
         <size>0x27a</size>
         <input_file_ref idref="fl-e4"/>
      </object_component>
      <object_component id="oc-354">
         <name>.debug_info</name>
         <load_address>0x10a09</load_address>
         <run_address>0x10a09</run_address>
         <size>0x1e3</size>
         <input_file_ref idref="fl-e4"/>
      </object_component>
      <object_component id="oc-35a">
         <name>.debug_info</name>
         <load_address>0x10bec</load_address>
         <run_address>0x10bec</run_address>
         <size>0x1dd</size>
         <input_file_ref idref="fl-e4"/>
      </object_component>
      <object_component id="oc-21d">
         <name>.debug_info</name>
         <load_address>0x10dc9</load_address>
         <run_address>0x10dc9</run_address>
         <size>0x21b</size>
         <input_file_ref idref="fl-e4"/>
      </object_component>
      <object_component id="oc-385">
         <name>.debug_info</name>
         <load_address>0x10fe4</load_address>
         <run_address>0x10fe4</run_address>
         <size>0x1e9</size>
         <input_file_ref idref="fl-e4"/>
      </object_component>
      <object_component id="oc-223">
         <name>.debug_info</name>
         <load_address>0x111cd</load_address>
         <run_address>0x111cd</run_address>
         <size>0x1df</size>
         <input_file_ref idref="fl-e4"/>
      </object_component>
      <object_component id="oc-34e">
         <name>.debug_info</name>
         <load_address>0x113ac</load_address>
         <run_address>0x113ac</run_address>
         <size>0x1e4</size>
         <input_file_ref idref="fl-e4"/>
      </object_component>
      <object_component id="oc-2c9">
         <name>.debug_info</name>
         <load_address>0x11590</load_address>
         <run_address>0x11590</run_address>
         <size>0x18b</size>
         <input_file_ref idref="fl-e4"/>
      </object_component>
      <object_component id="oc-2d0">
         <name>.debug_info</name>
         <load_address>0x1171b</load_address>
         <run_address>0x1171b</run_address>
         <size>0x24a</size>
         <input_file_ref idref="fl-e6"/>
      </object_component>
      <object_component id="oc-3cf">
         <name>.debug_info</name>
         <load_address>0x11965</load_address>
         <run_address>0x11965</run_address>
         <size>0xff</size>
         <input_file_ref idref="fl-e6"/>
      </object_component>
      <object_component id="oc-348">
         <name>.debug_info</name>
         <load_address>0x11a64</load_address>
         <run_address>0x11a64</run_address>
         <size>0x1f9</size>
         <input_file_ref idref="fl-e6"/>
      </object_component>
      <object_component id="oc-217">
         <name>.debug_info</name>
         <load_address>0x11c5d</load_address>
         <run_address>0x11c5d</run_address>
         <size>0x1e3</size>
         <input_file_ref idref="fl-e6"/>
      </object_component>
      <object_component id="oc-211">
         <name>.debug_info</name>
         <load_address>0x11e40</load_address>
         <run_address>0x11e40</run_address>
         <size>0x1e1</size>
         <input_file_ref idref="fl-e6"/>
      </object_component>
      <object_component id="oc-2d7">
         <name>.debug_info</name>
         <load_address>0x12021</load_address>
         <run_address>0x12021</run_address>
         <size>0x219</size>
         <input_file_ref idref="fl-e6"/>
      </object_component>
      <object_component id="oc-3c9">
         <name>.debug_info</name>
         <load_address>0x1223a</load_address>
         <run_address>0x1223a</run_address>
         <size>0x5f</size>
         <input_file_ref idref="fl-e6"/>
      </object_component>
      <object_component id="oc-36f">
         <name>.debug_info</name>
         <load_address>0x12299</load_address>
         <run_address>0x12299</run_address>
         <size>0x5bb</size>
         <input_file_ref idref="fl-e9"/>
      </object_component>
      <object_component id="oc-36c">
         <name>.debug_info</name>
         <load_address>0x12854</load_address>
         <run_address>0x12854</run_address>
         <size>0xc8</size>
         <input_file_ref idref="fl-e9"/>
      </object_component>
      <object_component id="oc-369">
         <name>.debug_info</name>
         <load_address>0x1291c</load_address>
         <run_address>0x1291c</run_address>
         <size>0xc8</size>
         <input_file_ref idref="fl-e9"/>
      </object_component>
      <object_component id="oc-366">
         <name>.debug_info</name>
         <load_address>0x129e4</load_address>
         <run_address>0x129e4</run_address>
         <size>0x192</size>
         <input_file_ref idref="fl-e9"/>
      </object_component>
      <object_component id="oc-257">
         <name>.debug_info</name>
         <load_address>0x12b76</load_address>
         <run_address>0x12b76</run_address>
         <size>0x54c</size>
         <input_file_ref idref="fl-e9"/>
      </object_component>
      <object_component id="oc-39a">
         <name>.debug_info</name>
         <load_address>0x130c2</load_address>
         <run_address>0x130c2</run_address>
         <size>0x453</size>
         <input_file_ref idref="fl-ea"/>
      </object_component>
      <object_component id="oc-391">
         <name>.debug_info</name>
         <load_address>0x13515</load_address>
         <run_address>0x13515</run_address>
         <size>0xd3</size>
         <input_file_ref idref="fl-ea"/>
      </object_component>
      <object_component id="oc-397">
         <name>.debug_info</name>
         <load_address>0x135e8</load_address>
         <run_address>0x135e8</run_address>
         <size>0xdf</size>
         <input_file_ref idref="fl-ea"/>
      </object_component>
      <object_component id="oc-394">
         <name>.debug_info</name>
         <load_address>0x136c7</load_address>
         <run_address>0x136c7</run_address>
         <size>0xe1</size>
         <input_file_ref idref="fl-ea"/>
      </object_component>
      <object_component id="oc-38b">
         <name>.debug_info</name>
         <load_address>0x137a8</load_address>
         <run_address>0x137a8</run_address>
         <size>0xd7</size>
         <input_file_ref idref="fl-ea"/>
      </object_component>
      <object_component id="oc-38e">
         <name>.debug_info</name>
         <load_address>0x1387f</load_address>
         <run_address>0x1387f</run_address>
         <size>0xdb</size>
         <input_file_ref idref="fl-ea"/>
      </object_component>
      <object_component id="oc-269">
         <name>.debug_info</name>
         <load_address>0x1395a</load_address>
         <run_address>0x1395a</run_address>
         <size>0x5ba</size>
         <input_file_ref idref="fl-ea"/>
      </object_component>
      <object_component id="oc-3a3">
         <name>.debug_info</name>
         <load_address>0x13f14</load_address>
         <run_address>0x13f14</run_address>
         <size>0x48a</size>
         <input_file_ref idref="fl-eb"/>
      </object_component>
      <object_component id="oc-3a0">
         <name>.debug_info</name>
         <load_address>0x1439e</load_address>
         <run_address>0x1439e</run_address>
         <size>0xe8</size>
         <input_file_ref idref="fl-eb"/>
      </object_component>
      <object_component id="oc-274">
         <name>.debug_info</name>
         <load_address>0x14486</load_address>
         <run_address>0x14486</run_address>
         <size>0xa13</size>
         <input_file_ref idref="fl-eb"/>
      </object_component>
      <object_component id="oc-323">
         <name>.debug_info</name>
         <load_address>0x14e99</load_address>
         <run_address>0x14e99</run_address>
         <size>0x4ac</size>
         <input_file_ref idref="fl-ec"/>
      </object_component>
      <object_component id="oc-241">
         <name>.debug_info</name>
         <load_address>0x15345</load_address>
         <run_address>0x15345</run_address>
         <size>0x2fc</size>
         <input_file_ref idref="fl-ec"/>
      </object_component>
      <object_component id="oc-37d">
         <name>.debug_info</name>
         <load_address>0x15641</load_address>
         <run_address>0x15641</run_address>
         <size>0x31f</size>
         <input_file_ref idref="fl-ed"/>
      </object_component>
      <object_component id="oc-37a">
         <name>.debug_info</name>
         <load_address>0x15960</load_address>
         <run_address>0x15960</run_address>
         <size>0xd5</size>
         <input_file_ref idref="fl-ed"/>
      </object_component>
      <object_component id="oc-262">
         <name>.debug_info</name>
         <load_address>0x15a35</load_address>
         <run_address>0x15a35</run_address>
         <size>0x2f6</size>
         <input_file_ref idref="fl-ed"/>
      </object_component>
      <object_component id="oc-2f0">
         <name>.debug_info</name>
         <load_address>0x15d2b</load_address>
         <run_address>0x15d2b</run_address>
         <size>0x356</size>
         <input_file_ref idref="fl-ee"/>
      </object_component>
      <object_component id="oc-230">
         <name>.debug_info</name>
         <load_address>0x16081</load_address>
         <run_address>0x16081</run_address>
         <size>0x3a7</size>
         <input_file_ref idref="fl-ee"/>
      </object_component>
      <object_component id="oc-303">
         <name>.debug_info</name>
         <load_address>0x16428</load_address>
         <run_address>0x16428</run_address>
         <size>0x1c4</size>
         <input_file_ref idref="fl-ef"/>
      </object_component>
      <object_component id="oc-2fd">
         <name>.debug_info</name>
         <load_address>0x165ec</load_address>
         <run_address>0x165ec</run_address>
         <size>0x19e</size>
         <input_file_ref idref="fl-ef"/>
      </object_component>
      <object_component id="oc-311">
         <name>.debug_info</name>
         <load_address>0x1678a</load_address>
         <run_address>0x1678a</run_address>
         <size>0x1e5</size>
         <input_file_ref idref="fl-ef"/>
      </object_component>
      <object_component id="oc-23b">
         <name>.debug_info</name>
         <load_address>0x1696f</load_address>
         <run_address>0x1696f</run_address>
         <size>0x22e</size>
         <input_file_ref idref="fl-ef"/>
      </object_component>
      <object_component id="oc-247">
         <name>.debug_info</name>
         <load_address>0x16b9d</load_address>
         <run_address>0x16b9d</run_address>
         <size>0x196</size>
         <input_file_ref idref="fl-ef"/>
      </object_component>
      <object_component id="oc-317">
         <name>.debug_info</name>
         <load_address>0x16d33</load_address>
         <run_address>0x16d33</run_address>
         <size>0x1b1</size>
         <input_file_ref idref="fl-ef"/>
      </object_component>
      <object_component id="oc-305">
         <name>.debug_info</name>
         <load_address>0x16ee4</load_address>
         <run_address>0x16ee4</run_address>
         <size>0x1d1</size>
         <input_file_ref idref="fl-ef"/>
      </object_component>
      <object_component id="oc-30b">
         <name>.debug_info</name>
         <load_address>0x170b5</load_address>
         <run_address>0x170b5</run_address>
         <size>0x20f</size>
         <input_file_ref idref="fl-ef"/>
      </object_component>
      <object_component id="oc-3db">
         <name>.debug_info</name>
         <load_address>0x172c4</load_address>
         <run_address>0x172c4</run_address>
         <size>0x16f</size>
         <input_file_ref idref="fl-ef"/>
      </object_component>
      <object_component id="oc-3eb">
         <name>.debug_info</name>
         <load_address>0x17433</load_address>
         <run_address>0x17433</run_address>
         <size>0x1e3</size>
         <input_file_ref idref="fl-f0"/>
      </object_component>
      <object_component id="oc-32a">
         <name>.debug_info</name>
         <load_address>0x17616</load_address>
         <run_address>0x17616</run_address>
         <size>0x232</size>
         <input_file_ref idref="fl-f0"/>
      </object_component>
      <object_component id="oc-3f8">
         <name>.debug_info</name>
         <load_address>0x17848</load_address>
         <run_address>0x17848</run_address>
         <size>0x1b2</size>
         <input_file_ref idref="fl-f0"/>
      </object_component>
      <object_component id="oc-360">
         <name>.debug_info</name>
         <load_address>0x179fa</load_address>
         <run_address>0x179fa</run_address>
         <size>0x239</size>
         <input_file_ref idref="fl-f0"/>
      </object_component>
      <object_component id="oc-330">
         <name>.debug_info</name>
         <load_address>0x17c33</load_address>
         <run_address>0x17c33</run_address>
         <size>0x1e2</size>
         <input_file_ref idref="fl-f0"/>
      </object_component>
      <object_component id="oc-342">
         <name>.debug_info</name>
         <load_address>0x17e15</load_address>
         <run_address>0x17e15</run_address>
         <size>0x1b8</size>
         <input_file_ref idref="fl-f0"/>
      </object_component>
      <object_component id="oc-336">
         <name>.debug_info</name>
         <load_address>0x17fcd</load_address>
         <run_address>0x17fcd</run_address>
         <size>0x1e2</size>
         <input_file_ref idref="fl-f0"/>
      </object_component>
      <object_component id="oc-33c">
         <name>.debug_info</name>
         <load_address>0x181af</load_address>
         <run_address>0x181af</run_address>
         <size>0x1b2</size>
         <input_file_ref idref="fl-f0"/>
      </object_component>
      <object_component id="oc-3d3">
         <name>.debug_info</name>
         <load_address>0x18361</load_address>
         <run_address>0x18361</run_address>
         <size>0x14f</size>
         <input_file_ref idref="fl-f1"/>
      </object_component>
      <object_component id="oc-2df">
         <name>.debug_info</name>
         <load_address>0x184b0</load_address>
         <run_address>0x184b0</run_address>
         <size>0x1c5</size>
         <input_file_ref idref="fl-f1"/>
      </object_component>
      <object_component id="oc-2e3">
         <name>.debug_info</name>
         <load_address>0x18675</load_address>
         <run_address>0x18675</run_address>
         <size>0x18b</size>
         <input_file_ref idref="fl-f1"/>
      </object_component>
      <object_component id="oc-2e9">
         <name>.debug_info</name>
         <load_address>0x18800</load_address>
         <run_address>0x18800</run_address>
         <size>0x185</size>
         <input_file_ref idref="fl-f1"/>
      </object_component>
      <object_component id="oc-4c">
         <name>.debug_info</name>
         <load_address>0x18985</load_address>
         <run_address>0x18985</run_address>
         <size>0x1088</size>
         <input_file_ref idref="fl-f3"/>
      </object_component>
      <object_component id="oc-1e3">
         <name>.debug_info</name>
         <load_address>0x19a0d</load_address>
         <run_address>0x19a0d</run_address>
         <size>0xd2</size>
         <input_file_ref idref="fl-f3"/>
      </object_component>
      <object_component id="oc-292">
         <name>.debug_info</name>
         <load_address>0x19adf</load_address>
         <run_address>0x19adf</run_address>
         <size>0xc7</size>
         <input_file_ref idref="fl-f3"/>
      </object_component>
      <object_component id="oc-3e5">
         <name>.debug_info</name>
         <load_address>0x19ba6</load_address>
         <run_address>0x19ba6</run_address>
         <size>0xd3</size>
         <input_file_ref idref="fl-f3"/>
      </object_component>
      <object_component id="oc-1dd">
         <name>.debug_info</name>
         <load_address>0x19c79</load_address>
         <run_address>0x19c79</run_address>
         <size>0x1ac</size>
         <input_file_ref idref="fl-f3"/>
      </object_component>
      <object_component id="oc-1e0">
         <name>.debug_info</name>
         <load_address>0x19e25</load_address>
         <run_address>0x19e25</run_address>
         <size>0xf8</size>
         <input_file_ref idref="fl-f3"/>
      </object_component>
      <object_component id="oc-1a3">
         <name>.debug_info</name>
         <load_address>0x19f1d</load_address>
         <run_address>0x19f1d</run_address>
         <size>0x1c4</size>
         <input_file_ref idref="fl-f3"/>
      </object_component>
      <object_component id="oc-28f">
         <name>.debug_info</name>
         <load_address>0x1a0e1</load_address>
         <run_address>0x1a0e1</run_address>
         <size>0xf2</size>
         <input_file_ref idref="fl-f3"/>
      </object_component>
      <object_component id="oc-37f">
         <name>.debug_info</name>
         <load_address>0x1a1d3</load_address>
         <run_address>0x1a1d3</run_address>
         <size>0x149</size>
         <input_file_ref idref="fl-f3"/>
      </object_component>
      <object_component id="oc-12c">
         <name>.debug_info</name>
         <load_address>0x1a31c</load_address>
         <run_address>0x1a31c</run_address>
         <size>0x4ff</size>
         <input_file_ref idref="fl-f3"/>
      </object_component>
      <object_component id="oc-120">
         <name>.debug_info</name>
         <load_address>0x1a81b</load_address>
         <run_address>0x1a81b</run_address>
         <size>0x689</size>
         <input_file_ref idref="fl-f3"/>
      </object_component>
      <object_component id="oc-108">
         <name>.debug_info</name>
         <load_address>0x1aea4</load_address>
         <run_address>0x1aea4</run_address>
         <size>0x1bc</size>
         <input_file_ref idref="fl-f3"/>
      </object_component>
      <object_component id="oc-27a">
         <name>.debug_info</name>
         <load_address>0x1b060</load_address>
         <run_address>0x1b060</run_address>
         <size>0x3d5</size>
         <input_file_ref idref="fl-f3"/>
      </object_component>
      <object_component id="oc-148">
         <name>.debug_info</name>
         <load_address>0x1b435</load_address>
         <run_address>0x1b435</run_address>
         <size>0xbfb</size>
         <input_file_ref idref="fl-f3"/>
      </object_component>
      <object_component id="oc-1d7">
         <name>.debug_info</name>
         <load_address>0x1c030</load_address>
         <run_address>0x1c030</run_address>
         <size>0x205</size>
         <input_file_ref idref="fl-f3"/>
      </object_component>
      <object_component id="oc-102">
         <name>.debug_info</name>
         <load_address>0x1c235</load_address>
         <run_address>0x1c235</run_address>
         <size>0x111</size>
         <input_file_ref idref="fl-f3"/>
      </object_component>
      <object_component id="oc-1d1">
         <name>.debug_info</name>
         <load_address>0x1c346</load_address>
         <run_address>0x1c346</run_address>
         <size>0x1fa</size>
         <input_file_ref idref="fl-f3"/>
      </object_component>
      <object_component id="oc-31d">
         <name>.debug_info</name>
         <load_address>0x1c540</load_address>
         <run_address>0x1c540</run_address>
         <size>0x18a</size>
         <input_file_ref idref="fl-f3"/>
      </object_component>
      <object_component id="oc-4f">
         <name>.debug_info</name>
         <load_address>0x1c6ca</load_address>
         <run_address>0x1c6ca</run_address>
         <size>0x18a</size>
         <input_file_ref idref="fl-f3"/>
      </object_component>
      <object_component id="oc-1c">
         <name>.debug_info</name>
         <load_address>0x1c854</load_address>
         <run_address>0x1c854</run_address>
         <size>0x19c</size>
         <input_file_ref idref="fl-f3"/>
      </object_component>
      <object_component id="oc-16">
         <name>.debug_info</name>
         <load_address>0x1c9f0</load_address>
         <run_address>0x1c9f0</run_address>
         <size>0x202</size>
         <input_file_ref idref="fl-f3"/>
      </object_component>
      <object_component id="oc-41d">
         <name>.debug_info</name>
         <load_address>0x1cbf2</load_address>
         <run_address>0x1cbf2</run_address>
         <size>0x99</size>
         <input_file_ref idref="fl-f3"/>
      </object_component>
      <object_component id="oc-f0">
         <name>.debug_info</name>
         <load_address>0x1cc8b</load_address>
         <run_address>0x1cc8b</run_address>
         <size>0xec</size>
         <input_file_ref idref="fl-f3"/>
      </object_component>
      <object_component id="oc-3ae">
         <name>.debug_info</name>
         <load_address>0x1cd77</load_address>
         <run_address>0x1cd77</run_address>
         <size>0x1a8</size>
         <input_file_ref idref="fl-f3"/>
      </object_component>
      <object_component id="oc-b9">
         <name>.debug_info</name>
         <load_address>0x1cf1f</load_address>
         <run_address>0x1cf1f</run_address>
         <size>0x2ef</size>
         <input_file_ref idref="fl-f3"/>
      </object_component>
      <object_component id="oc-e6">
         <name>.debug_info</name>
         <load_address>0x1d20e</load_address>
         <run_address>0x1d20e</run_address>
         <size>0x75</size>
         <input_file_ref idref="fl-f3"/>
      </object_component>
      <object_component id="oc-eb">
         <name>.debug_info</name>
         <load_address>0x1d283</load_address>
         <run_address>0x1d283</run_address>
         <size>0x128</size>
         <input_file_ref idref="fl-f3"/>
      </object_component>
      <object_component id="oc-40a">
         <name>.debug_info</name>
         <load_address>0x1d3ab</load_address>
         <run_address>0x1d3ab</run_address>
         <size>0x9a</size>
         <input_file_ref idref="fl-f3"/>
      </object_component>
      <object_component id="oc-98">
         <name>.debug_info</name>
         <load_address>0x1d445</load_address>
         <run_address>0x1d445</run_address>
         <size>0x26b</size>
         <input_file_ref idref="fl-f3"/>
      </object_component>
      <object_component id="oc-af">
         <name>.debug_info</name>
         <load_address>0x1d6b0</load_address>
         <run_address>0x1d6b0</run_address>
         <size>0x17c</size>
         <input_file_ref idref="fl-f3"/>
      </object_component>
      <object_component id="oc-aa">
         <name>.debug_info</name>
         <load_address>0x1d82c</load_address>
         <run_address>0x1d82c</run_address>
         <size>0x5e</size>
[...]
      </symbol>
      <symbol id="sm-4db">
         <name>ulPortGetIPSR</name>
         <value>0x3119</value>
         <object_component_ref idref="oc-2d"/>
      </symbol>
      <symbol id="sm-4dc">
         <name>vPortEnableVFP</name>
         <value>0x31cd</value>
         <object_component_ref idref="oc-2d"/>
      </symbol>
      <symbol id="sm-4dd">
         <name>xPortPendSVHandler</name>
         <value>0x3131</value>
         <object_component_ref idref="oc-2d"/>
      </symbol>
      <symbol id="sm-4de">
         <name>vPortSVCHandler</name>
         <value>0x3191</value>
         <object_component_ref idref="oc-2d"/>
      </symbol>
      <symbol id="sm-4f9">
         <name>memcpy</name>
         <value>0x33f9</value>
         <object_component_ref idref="oc-46"/>
      </symbol>
      <symbol id="sm-4fa">
         <name>__aeabi_memcpy</name>
         <value>0x33f9</value>
         <object_component_ref idref="oc-46"/>
      </symbol>
      <symbol id="sm-4fb">
         <name>__aeabi_memcpy8</name>
         <value>0x33f9</value>
         <object_component_ref idref="oc-46"/>
      </symbol>
      <symbol id="sm-4fc">
         <name>__aeabi_memcpy4</name>
         <value>0x33f9</value>
         <object_component_ref idref="oc-46"/>
      </symbol>
      <symbol id="sm-50b">
         <name>__aeabi_memset</name>
         <value>0x36bf</value>
         <object_component_ref idref="oc-fb"/>
      </symbol>
      <symbol id="sm-50c">
         <name>memset</name>
         <value>0x36c5</value>
         <object_component_ref idref="oc-fb"/>
      </symbol>
      <symbol id="sm-50d">
         <name>__aeabi_memset8</name>
         <value>0x36bf</value>
         <object_component_ref idref="oc-fb"/>
      </symbol>
      <symbol id="sm-50e">
         <name>__aeabi_memset4</name>
         <value>0x36bf</value>
         <object_component_ref idref="oc-fb"/>
      </symbol>
      <symbol id="sm-50f">
         <name>__aeabi_memclr8</name>
         <value>0x36bd</value>
         <object_component_ref idref="oc-fb"/>
      </symbol>
      <symbol id="sm-510">
         <name>__aeabi_memclr4</name>
         <value>0x36bd</value>
         <object_component_ref idref="oc-fb"/>
      </symbol>
      <symbol id="sm-511">
         <name>__aeabi_memclr</name>
         <value>0x36bd</value>
         <object_component_ref idref="oc-fb"/>
      </symbol>
      <symbol id="sm-520">
         <name>__aeabi_uidivmod</name>
         <value>0x3b09</value>
         <object_component_ref idref="oc-3a4"/>
      </symbol>
      <symbol id="sm-521">
         <name>__aeabi_uidiv</name>
         <value>0x3b09</value>
         <object_component_ref idref="oc-3a4"/>
      </symbol>
      <symbol id="sm-534">
         <name>__stack</name>
         <value>0x20007b00</value>
         <object_component_ref idref="oc-24"/>
      </symbol>
      <symbol id="sm-535">
         <name>_c_int00_noargs</name>
         <value>0x3bb5</value>
         <object_component_ref idref="oc-60"/>
      </symbol>
      <symbol id="sm-53f">
         <name>__aeabi_idiv0</name>
         <value>0x2633</value>
         <object_component_ref idref="oc-3b3"/>
      </symbol>
      <symbol id="sm-540">
         <name>__aeabi_ldiv0</name>
         <value>0x2633</value>
         <object_component_ref idref="oc-3b3"/>
      </symbol>
      <symbol id="sm-54e">
         <name>__aeabi_ldivmod</name>
         <value>0x3737</value>
         <object_component_ref idref="oc-289"/>
      </symbol>
      <symbol id="sm-55b">
         <name>__aeabi_uldivmod</name>
         <value>0x3495</value>
         <object_component_ref idref="oc-3b8"/>
      </symbol>
      <symbol id="sm-574">
         <name>__TI_auto_init_nobinit_nopinit</name>
         <value>0x3a85</value>
         <object_component_ref idref="oc-15a"/>
      </symbol>
      <symbol id="sm-57f">
         <name>C$$EXIT</name>
         <value>0x3dad</value>
         <object_component_ref idref="oc-14e"/>
      </symbol>
      <symbol id="sm-580">
         <name>abort</name>
         <value>0x3dad</value>
         <object_component_ref idref="oc-14e"/>
      </symbol>
      <symbol id="sm-591">
         <name>LED_SetColor</name>
         <value>0x3a41</value>
         <object_component_ref idref="oc-1a6"/>
      </symbol>
      <symbol id="sm-592">
         <name>LED_GetColor</name>
         <value>0x3a6f</value>
         <object_component_ref idref="oc-1a6"/>
      </symbol>
      <symbol id="sm-593">
         <name>LED_Init</name>
         <value>0x3a4b</value>
         <object_component_ref idref="oc-1a6"/>
      </symbol>
      <symbol id="sm-5ac">
         <name>I2CRTOS_SemaphoreGive</name>
         <value>0x38e3</value>
         <object_component_ref idref="oc-1b8"/>
      </symbol>
      <symbol id="sm-5ad">
         <name>I2CRTOS_SemaphoreTake</name>
         <value>0x38c5</value>
         <object_component_ref idref="oc-1b8"/>
      </symbol>
      <symbol id="sm-5ae">
         <name>I2CRTOS_Init</name>
         <value>0x38f1</value>
         <object_component_ref idref="oc-1b8"/>
      </symbol>
      <symbol id="sm-5ce">
         <name>KEYPADRTOS_GetEvent</name>
         <value>0x3313</value>
         <object_component_ref idref="oc-1c4"/>
      </symbol>
      <symbol id="sm-5cf">
         <name>KEYPADRTOS_Init</name>
         <value>0x32e7</value>
         <object_component_ref idref="oc-1c4"/>
      </symbol>
      <symbol id="sm-60f">
         <name>LCDRTOS_Cursor</name>
         <value>0x2017</value>
         <object_component_ref idref="oc-1ca"/>
      </symbol>
      <symbol id="sm-610">
         <name>LCDRTOS_SetCursor</name>
         <value>0x1f23</value>
         <object_component_ref idref="oc-1ca"/>
      </symbol>
      <symbol id="sm-611">
         <name>LCDRTOS_WriteChar</name>
         <value>0x1e5f</value>
         <object_component_ref idref="oc-1ca"/>
      </symbol>
      <symbol id="sm-612">
         <name>LCDRTOS_CenteredPrintf</name>
         <value>0x2067</value>
         <object_component_ref idref="oc-1ca"/>
      </symbol>
      <symbol id="sm-613">
         <name>LCDRTOS_Printf</name>
         <value>0x1f4d</value>
         <object_component_ref idref="oc-1ca"/>
      </symbol>
      <symbol id="sm-614">
         <name>LCDRTOS_Blink</name>
         <value>0x20c3</value>
         <object_component_ref idref="oc-1ca"/>
      </symbol>
      <symbol id="sm-615">
         <name>LCDRTOS_Home</name>
         <value>0x1fc7</value>
         <object_component_ref idref="oc-1ca"/>
      </symbol>
      <symbol id="sm-616">
         <name>LCDRTOS_Display</name>
         <value>0x1fed</value>
         <object_component_ref idref="oc-1ca"/>
      </symbol>
      <symbol id="sm-617">
         <name>LCDRTOS_WriteString</name>
         <value>0x1e35</value>
         <object_component_ref idref="oc-1ca"/>
      </symbol>
      <symbol id="sm-618">
         <name>LCDRTOS_Clear</name>
         <value>0x2041</value>
         <object_component_ref idref="oc-1ca"/>
      </symbol>
      <symbol id="sm-619">
         <name>LCDRTOS_Init</name>
         <value>0x1f9b</value>
         <object_component_ref idref="oc-1ca"/>
      </symbol>
      <symbol id="sm-63d">
         <name>RTCRTOS_GetDateAndTime</name>
         <value>0x327b</value>
         <object_component_ref idref="oc-1b2"/>
      </symbol>
      <symbol id="sm-63e">
         <name>RTCRTOS_Init</name>
         <value>0x3231</value>
         <object_component_ref idref="oc-1b2"/>
      </symbol>
      <symbol id="sm-63f">
         <name>RTCRTOS_SetSeconds</name>
         <value>0x31dd</value>
         <object_component_ref idref="oc-1b2"/>
      </symbol>
      <symbol id="sm-640">
         <name>RTCRTOS_GetSeconds</name>
         <value>0x324b</value>
         <object_component_ref idref="oc-1b2"/>
      </symbol>
      <symbol id="sm-641">
         <name>RTCRTOS_SetDateAndTime</name>
         <value>0x3207</value>
         <object_component_ref idref="oc-1b2"/>
      </symbol>
      <symbol id="sm-651">
         <name>TMP101RTOS_GetTemperature</name>
         <value>0x3adb</value>
         <object_component_ref idref="oc-1be"/>
      </symbol>
      <symbol id="sm-652">
         <name>TMP101RTOS_Init</name>
         <value>0x3ac9</value>
         <object_component_ref idref="oc-1be"/>
      </symbol>
      <symbol id="sm-66e">
         <name>WAITRTOS_Elapsed</name>
         <value>0x35f9</value>
         <object_component_ref idref="oc-1ac"/>
      </symbol>
      <symbol id="sm-66f">
         <name>WAITRTOS_ChronoMicro</name>
         <value>0x3611</value>
         <object_component_ref idref="oc-1ac"/>
      </symbol>
      <symbol id="sm-670">
         <name>WAITRTOS_Init</name>
         <value>0x35df</value>
         <object_component_ref idref="oc-1ac"/>
      </symbol>
      <symbol id="sm-671">
         <name>WAITRTOS_Ms</name>
         <value>0x35bd</value>
         <object_component_ref idref="oc-1ac"/>
      </symbol>
      <symbol id="sm-6d0">
         <name>GPIOPinConfigure</name>
         <value>0x39b1</value>
         <object_component_ref idref="oc-34d"/>
      </symbol>
      <symbol id="sm-6d1">
         <name>GPIOPinTypeI2CSCL</name>
         <value>0x3ce9</value>
         <object_component_ref idref="oc-353"/>
      </symbol>
      <symbol id="sm-6d2">
         <name>GPIOPinTypeI2C</name>
         <value>0x3cd7</value>
         <object_component_ref idref="oc-359"/>
      </symbol>
      <symbol id="sm-6d3">
         <name>GPIOPinTypeGPIOInput</name>
         <value>0x3cc5</value>
         <object_component_ref idref="oc-384"/>
      </symbol>
      <symbol id="sm-6d4">
         <name>GPIOPinTypeGPIOOutput</name>
         <value>0x3c5b</value>
         <object_component_ref idref="oc-21c"/>
      </symbol>
      <symbol id="sm-6d5">
         <name>GPIOPinRead</name>
         <value>0x3d8b</value>
         <object_component_ref idref="oc-222"/>
      </symbol>
      <symbol id="sm-6d6">
         <name>GPIODirModeSet</name>
         <value>0x3c15</value>
         <object_component_ref idref="oc-295"/>
      </symbol>
      <symbol id="sm-6d7">
         <name>GPIOPinWrite</name>
         <value>0x3d91</value>
         <object_component_ref idref="oc-20a"/>
      </symbol>
      <symbol id="sm-6d8">
         <name>GPIOPadConfigSet</name>
         <value>0x2de9</value>
         <object_component_ref idref="oc-29b"/>
      </symbol>
      <symbol id="sm-72c">
         <name>SysCtlDelay</name>
         <value>0x3d97</value>
         <object_component_ref idref="oc-2ee"/>
      </symbol>
      <symbol id="sm-72d">
         <name>SysCtlPeripheralEnable</name>
         <value>0x3b81</value>
         <object_component_ref idref="oc-210"/>
      </symbol>
      <symbol id="sm-72e">
         <name>SysCtlClockGet</name>
         <value>0x2f1d</value>
         <object_component_ref idref="oc-2d6"/>
      </symbol>
      <symbol id="sm-72f">
         <name>SysCtlPeripheralReady</name>
         <value>0x3b49</value>
         <object_component_ref idref="oc-216"/>
      </symbol>
      <symbol id="sm-730">
         <name>SysCtlPeripheralReset</name>
         <value>0x3915</value>
         <object_component_ref idref="oc-347"/>
      </symbol>
      <symbol id="sm-77a">
         <name>I2C_Transfer</name>
         <value>0x2923</value>
         <object_component_ref idref="oc-256"/>
      </symbol>
      <symbol id="sm-77b">
         <name>I2C_Init</name>
         <value>0x295f</value>
         <object_component_ref idref="oc-256"/>
      </symbol>
      <symbol id="sm-7cc">
         <name>KEYPAD_Init</name>
         <value>0x2b09</value>
         <object_component_ref idref="oc-268"/>
      </symbol>
      <symbol id="sm-7cd">
         <name>KEYPAD_Read</name>
         <value>0x2a67</value>
         <object_component_ref idref="oc-268"/>
      </symbol>
      <symbol id="sm-7ce">
         <name>KEYPAD_Hit</name>
         <value>0x2a29</value>
         <object_component_ref idref="oc-268"/>
      </symbol>
      <symbol id="sm-7cf">
         <name>KEYPAD_KeyEvent</name>
         <value>0x2ae7</value>
         <object_component_ref idref="oc-268"/>
      </symbol>
      <symbol id="sm-7fa">
         <name>LCD_WriteChar</name>
         <value>0x26bf</value>
         <object_component_ref idref="oc-273"/>
      </symbol>
      <symbol id="sm-7fb">
         <name>LCD_Printf</name>
         <value>0x26db</value>
         <object_component_ref idref="oc-273"/>
      </symbol>
      <symbol id="sm-7fc">
         <name>LCD_WriteString</name>
         <value>0x269f</value>
         <object_component_ref idref="oc-273"/>
      </symbol>
      <symbol id="sm-7fd">
         <name>LCD_Init</name>
         <value>0x273f</value>
         <object_component_ref idref="oc-273"/>
      </symbol>
      <symbol id="sm-7fe">
         <name>LCD_Home</name>
         <value>0x27c3</value>
         <object_component_ref idref="oc-273"/>
      </symbol>
      <symbol id="sm-7ff">
         <name>LCD_Blink</name>
         <value>0x2839</value>
         <object_component_ref idref="oc-273"/>
      </symbol>
      <symbol id="sm-800">
         <name>LCD_SetCursor</name>
         <value>0x26c9</value>
         <object_component_ref idref="oc-273"/>
      </symbol>
      <symbol id="sm-801">
         <name>LCD_Clear</name>
         <value>0x272b</value>
         <object_component_ref idref="oc-273"/>
      </symbol>
      <symbol id="sm-802">
         <name>LCD_Cursor</name>
         <value>0x27d7</value>
         <object_component_ref idref="oc-273"/>
      </symbol>
      <symbol id="sm-803">
         <name>LCD_CenteredPrintf</name>
         <value>0x27f1</value>
         <object_component_ref idref="oc-273"/>
      </symbol>
      <symbol id="sm-804">
         <name>LCD_Display</name>
         <value>0x2711</value>
         <object_component_ref idref="oc-273"/>
      </symbol>
      <symbol id="sm-816">
         <name>RTC_SetDateAndTime</name>
         <value>0x386d</value>
         <object_component_ref idref="oc-240"/>
      </symbol>
      <symbol id="sm-817">
         <name>RTC_GetDateAndTime</name>
         <value>0x38af</value>
         <object_component_ref idref="oc-240"/>
      </symbol>
      <symbol id="sm-818">
         <name>RTC_Init</name>
         <value>0x3879</value>
         <object_component_ref idref="oc-240"/>
      </symbol>
      <symbol id="sm-833">
         <name>TMP101_GetTemperature</name>
         <value>0x33a9</value>
         <object_component_ref idref="oc-261"/>
      </symbol>
      <symbol id="sm-834">
         <name>TMP101_Init</name>
         <value>0x3397</value>
         <object_component_ref idref="oc-261"/>
      </symbol>
      <symbol id="sm-84b">
         <name>__ms__</name>
         <value>0x20007d70</value>
      </symbol>
      <symbol id="sm-84c">
         <name>WAIT_Timer0AInit</name>
         <value>0x380d</value>
         <object_component_ref idref="oc-22f"/>
      </symbol>
      <symbol id="sm-84d">
         <name>WAIT_ChronoMicro</name>
         <value>0x384d</value>
         <object_component_ref idref="oc-22f"/>
      </symbol>
      <symbol id="sm-84e">
         <name>WAIT_Elapsed</name>
         <value>0x3843</value>
         <object_component_ref idref="oc-22f"/>
      </symbol>
      <symbol id="sm-84f">
         <name>WAIT_Init</name>
         <value>0x3827</value>
         <object_component_ref idref="oc-22f"/>
      </symbol>
      <symbol id="sm-850">
         <name>WAIT_Ms</name>
         <value>0x3819</value>
         <object_component_ref idref="oc-22f"/>
      </symbol>
      <symbol id="sm-851">
         <name>WAIT_SysTickHandler</name>
         <value>0x380f</value>
         <object_component_ref idref="oc-22f"/>
      </symbol>
      <symbol id="sm-8a7">
         <name>HibernateRTCSet</name>
         <value>0x3be9</value>
         <object_component_ref idref="oc-23a"/>
      </symbol>
      <symbol id="sm-8a8">
         <name>HibernateEnableExpClk</name>
         <value>0x3c75</value>
         <object_component_ref idref="oc-304"/>
      </symbol>
      <symbol id="sm-8a9">
         <name>HibernateRTCTrimSet</name>
         <value>0x3cfd</value>
         <object_component_ref idref="oc-310"/>
      </symbol>
      <symbol id="sm-8aa">
         <name>HibernateClockConfig</name>
         <value>0x39f9</value>
         <object_component_ref idref="oc-30a"/>
      </symbol>
      <symbol id="sm-8ab">
         <name>HibernateRTCEnable</name>
         <value>0x3c89</value>
         <object_component_ref idref="oc-316"/>
      </symbol>
      <symbol id="sm-8ac">
         <name>HibernateRTCGet</name>
         <value>0x3d59</value>
         <object_component_ref idref="oc-246"/>
      </symbol>
      <symbol id="sm-8ed">
         <name>I2CMasterDataPut</name>
         <value>0x3da5</value>
         <object_component_ref idref="oc-32f"/>
      </symbol>
      <symbol id="sm-8ee">
         <name>I2CMasterInitExpClk</name>
         <value>0x3965</value>
         <object_component_ref idref="oc-35f"/>
      </symbol>
      <symbol id="sm-8ef">
         <name>I2CMasterSlaveAddrSet</name>
         <value>0x3d83</value>
         <object_component_ref idref="oc-329"/>
      </symbol>
      <symbol id="sm-8f0">
         <name>I2CMasterDataGet</name>
         <value>0x3da1</value>
         <object_component_ref idref="oc-341"/>
      </symbol>
      <symbol id="sm-8f1">
         <name>I2CMasterControl</name>
         <value>0x3d9d</value>
         <object_component_ref idref="oc-335"/>
      </symbol>
      <symbol id="sm-8f2">
         <name>I2CMasterBusy</name>
         <value>0x3d7b</value>
         <object_component_ref idref="oc-33b"/>
      </symbol>
      <symbol id="sm-8f3">
         <name>I2CMasterEnable</name>
         <value>0x3d71</value>
         <object_component_ref idref="oc-3f7"/>
      </symbol>
      <symbol id="sm-916">
         <name>SysTickEnable</name>
         <value>0x3c9d</value>
         <object_component_ref idref="oc-2e8"/>
      </symbol>
      <symbol id="sm-917">
         <name>SysTickIntEnable</name>
         <value>0x3cb1</value>
         <object_component_ref idref="oc-2e2"/>
      </symbol>
      <symbol id="sm-918">
         <name>SysTickPeriodSet</name>
         <value>0x3d0d</value>
         <object_component_ref idref="oc-2dc"/>
      </symbol>
      <symbol id="sm-919">
         <name>__TI_static_base__</name>
         <value>0x0</value>
      </symbol>
      <symbol id="sm-91c">
         <name>__mpu_init</name>
         <value>0x0</value>
      </symbol>
      <symbol id="sm-91d">
         <name>_system_post_cinit</name>
         <value>0x0</value>
      </symbol>
      <symbol id="sm-91e">
         <name>IntSysTickHandler</name>
         <value>0x302d</value>
      </symbol>
      <symbol id="sm-91f">
         <name>xWaitMicro</name>
         <value>0x3611</value>
      </symbol>
      <symbol id="sm-920">
         <name>xWaitMs</name>
         <value>0x35bd</value>
      </symbol>
      <symbol id="sm-921">
         <name>I2CRTOS_Transfer</name>
         <value>0x2923</value>
      </symbol>
      <symbol id="sm-922">
         <name>RTC_SetSeconds</name>
         <value>0x3be9</value>
      </symbol>
      <symbol id="sm-923">
         <name>RTC_GetSeconds</name>
         <value>0x3d59</value>
      </symbol>
   </symbol_table>
   <title>Link successful</title>
</link_info>
